{
  "version": "1.5.0",
  "plugins_used": [
    {
      "name": "ArtifactoryDetector"
    },
    {
      "name": "AWSKeyDetector"
    },
    {
      "name": "AzureStorageKeyDetector"
    },
    {
      "name": "Base64HighEntropyString",
      "limit": 4.5
    },
    {
      "name": "BasicAuthDetector"
    },
    {
      "name": "CloudantDetector"
    },
    {
      "name": "DiscordBotTokenDetector"
    },
    {
      "name": "GitHubTokenDetector"
    },
    {
      "name": "GitLabTokenDetector"
    },
    {
      "name": "HexHighEntropyString",
      "limit": 3.0
    },
    {
      "name": "IbmCloudIamDetector"
    },
    {
      "name": "IbmCosHmacDetector"
    },
    {
      "name": "IPPublicDetector"
    },
    {
      "name": "JwtTokenDetector"
    },
    {
      "name": "KeywordDetector",
      "keyword_exclude": ""
    },
    {
      "name": "MailchimpDetector"
    },
    {
      "name": "NpmDetector"
    },
    {
      "name": "OpenAIDetector"
    },
    {
      "name": "PrivateKeyDetector"
    },
    {
      "name": "PypiTokenDetector"
    },
    {
      "name": "SendGridDetector"
    },
    {
      "name": "SlackDetector"
    },
    {
      "name": "SoftlayerDetector"
    },
    {
      "name": "SquareOAuthDetector"
    },
    {
      "name": "StripeDetector"
    },
    {
      "name": "TelegramBotTokenDetector"
    },
    {
      "name": "TwilioKeyDetector"
    }
  ],
  "filters_used": [
    {
      "path": "detect_secrets.filters.allowlist.is_line_allowlisted"
    },
    {
      "path": "detect_secrets.filters.common.is_baseline_file",
      "filename": ".secrets.baseline"
    },
    {
      "path": "detect_secrets.filters.common.is_ignored_due_to_verification_policies",
      "min_level": 2
    },
    {
      "path": "detect_secrets.filters.heuristic.is_indirect_reference"
    },
    {
      "path": "detect_secrets.filters.heuristic.is_likely_id_string"
    },
    {
      "path": "detect_secrets.filters.heuristic.is_lock_file"
    },
    {
      "path": "detect_secrets.filters.heuristic.is_not_alphanumeric_string"
    },
    {
      "path": "detect_secrets.filters.heuristic.is_potential_uuid"
    },
    {
      "path": "detect_secrets.filters.heuristic.is_prefixed_with_dollar_sign"
    },
    {
      "path": "detect_secrets.filters.heuristic.is_sequential_string"
    },
    {
      "path": "detect_secrets.filters.heuristic.is_swagger_file"
    },
    {
      "path": "detect_secrets.filters.heuristic.is_templated_secret"
    },
    {
      "path": "detect_secrets.filters.regex.should_exclude_file",
      "pattern": [
        "(\\.venv|\\.git|__pycache__|coverage\\.xml|sbom\\.json|htmlcov)"
      ]
    }
  ],
  "results": {
    ".env.example": [
      {
        "type": "Basic Auth Credentials",
        "filename": ".env.example",
        "hashed_secret": "d20639d70f65c6a37e4cb39dc487f3c0cd89e245",
        "is_verified": false,
        "line_number": 26
      }
    ],
    "src/docuvector/infrastructure/security/nist_password_policy_validator.py": [
      {
        "type": "Secret Keyword",
        "filename": "src/docuvector/infrastructure/security/nist_password_policy_validator.py",
        "hashed_secret": "38942a85acb1a226ba9b2eebc755330d499c6b31",
        "is_verified": false,
        "line_number": 26
      }
    ],
    "tests/unit/application/test_admin_user_management_use_case.py": [
      {
        "type": "Secret Keyword",
        "filename": "tests/unit/application/test_admin_user_management_use_case.py",
        "hashed_secret": "75d61b312b05ebcaf1a97c63a21897a42d83fcb3",
        "is_verified": false,
        "line_number": 94
      },
      {
        "type": "Secret Keyword",
        "filename": "tests/unit/application/test_admin_user_management_use_case.py",
        "hashed_secret": "d71ce2826072eae584dc45c9b42550923ff86b18",
        "is_verified": false,
        "line_number": 148
      },
      {
        "type": "Secret Keyword",
        "filename": "tests/unit/application/test_admin_user_management_use_case.py",
        "hashed_secret": "1617f12cb81495ebc03b52143313036a5a833c5a",
        "is_verified": false,
        "line_number": 191
      }
    ],
    "tests/unit/application/test_auth_use_case.py": [
      {
        "type": "Secret Keyword",
        "filename": "tests/unit/application/test_auth_use_case.py",
        "hashed_secret": "72c9261971d2174c20d85ca09981fb6c9d0a877d",
        "is_verified": false,
        "line_number": 40
      },
      {
        "type": "Secret Keyword",
        "filename": "tests/unit/application/test_auth_use_case.py",
        "hashed_secret": "cbfdac6008f9cab4083784cbd1874f76618d2a97",
        "is_verified": false,
        "line_number": 70
      },
      {
        "type": "Secret Keyword",
        "filename": "tests/unit/application/test_auth_use_case.py",
        "hashed_secret": "6809ffccad03b80fa1fbc32c17e7e054805ec30b",
        "is_verified": false,
        "line_number": 133
      }
    ],
    "tests/unit/application/test_register_user_use_case.py": [
      {
        "type": "Secret Keyword",
        "filename": "tests/unit/application/test_register_user_use_case.py",
        "hashed_secret": "eac7f45ed977f70cdd53097e61cdf80e30f83401",
        "is_verified": false,
        "line_number": 144
      },
      {
        "type": "Secret Keyword",
        "filename": "tests/unit/application/test_register_user_use_case.py",
        "hashed_secret": "1deef0d61468ee168b10a78971f953fe5e715305",
        "is_verified": false,
        "line_number": 164
      },
      {
        "type": "Secret Keyword",
        "filename": "tests/unit/application/test_register_user_use_case.py",
        "hashed_secret": "1617f12cb81495ebc03b52143313036a5a833c5a",
        "is_verified": false,
        "line_number": 214
      },
      {
        "type": "Secret Keyword",
        "filename": "tests/unit/application/test_register_user_use_case.py",
        "hashed_secret": "29eeede09aaeabefe7b24abc78f3a1c4a8147a4a",
        "is_verified": false,
        "line_number": 318
      }
    ],
    "tests/unit/infrastructure/extractors/test_pdf_extractor.py": [
      {
        "type": "Secret Keyword",
        "filename": "tests/unit/infrastructure/extractors/test_pdf_extractor.py",
        "hashed_secret": "ce77798dc40945979f340e376e69b0d043c1e1e0",
        "is_verified": false,
        "line_number": 72
      }
    ]
  },
  "generated_at": "2026-06-03T19:04:14Z"
}
